Java HotSpot(TM) 64-Bit Server VM (25.111-b14) for bsd-amd64 JRE (1.8.0_111-b14), built on Sep 22 2016 15:31:41 by "java_re" with gcc 4.2.1 (Based on Apple Inc. build 5658) (LLVM build 2336.11.00)
Memory: 4k page, physical 8388608k(272048k free)

/proc/meminfo:

CommandLine flags: -XX:+DisableExplicitGC -XX:InitialHeapSize=1073741824 -XX:InitiatingHeapOccupancyPercent=35 -XX:+ManagementServer -XX:MaxGCPauseMillis=20 -XX:MaxHeapSize=1073741824 -XX:+PrintGC -XX:+PrintGCDateStamps -XX:+PrintGCDetails -XX:+PrintGCTimeStamps -XX:+UseCompressedClassPointers -XX:+UseCompressedOops -XX:+UseG1GC 
2017-01-19T15:29:13.361-0100: 1.735: [GC pause (G1 Evacuation Pause) (young), 0.0113018 secs]
   [Parallel Time: 6.3 ms, GC Workers: 4]
      [GC Worker Start (ms): Min: 1734.6, Avg: 1734.7, Max: 1734.7, Diff: 0.0]
      [Ext Root Scanning (ms): Min: 0.8, Avg: 1.6, Max: 3.4, Diff: 2.6, Sum: 6.3]
      [Update RS (ms): Min: 0.0, Avg: 0.0, Max: 0.0, Diff: 0.0, Sum: 0.0]
         [Processed Buffers: Min: 0, Avg: 0.0, Max: 0, Diff: 0, Sum: 0]
      [Scan RS (ms): Min: 0.0, Avg: 0.0, Max: 0.0, Diff: 0.0, Sum: 0.0]
      [Code Root Scanning (ms): Min: 0.0, Avg: 0.3, Max: 0.5, Diff: 0.5, Sum: 1.0]
      [Object Copy (ms): Min: 2.4, Avg: 4.0, Max: 4.7, Diff: 2.3, Sum: 16.2]
      [Termination (ms): Min: 0.0, Avg: 0.3, Max: 0.4, Diff: 0.4, Sum: 1.1]
         [Termination Attempts: Min: 1, Avg: 2.2, Max: 3, Diff: 2, Sum: 9]
      [GC Worker Other (ms): Min: 0.0, Avg: 0.0, Max: 0.0, Diff: 0.0, Sum: 0.1]
      [GC Worker Total (ms): Min: 6.0, Avg: 6.2, Max: 6.2, Diff: 0.2, Sum: 24.7]
      [GC Worker End (ms): Min: 1740.7, Avg: 1740.8, Max: 1740.9, Diff: 0.2]
   [Code Root Fixup: 0.2 ms]
   [Code Root Purge: 0.1 ms]
   [Clear CT: 0.1 ms]
   [Other: 4.6 ms]
      [Choose CSet: 0.0 ms]
      [Ref Proc: 4.2 ms]
      [Ref Enq: 0.0 ms]
      [Redirty Cards: 0.1 ms]
      [Humongous Register: 0.0 ms]
      [Humongous Reclaim: 0.0 ms]
      [Free CSet: 0.1 ms]
   [Eden: 51.0M(51.0M)->0.0B(44.0M) Survivors: 0.0B->7168.0K Heap: 51.0M(1024.0M)->7682.5K(1024.0M)]
 [Times: user=0.02 sys=0.00, real=0.01 secs] 
2017-01-19T15:29:14.362-0100: 2.735: [GC pause (G1 Evacuation Pause) (young), 0.0111184 secs]
   [Parallel Time: 6.8 ms, GC Workers: 4]
      [GC Worker Start (ms): Min: 2735.6, Avg: 2735.6, Max: 2735.6, Diff: 0.0]
      [Ext Root Scanning (ms): Min: 0.8, Avg: 1.3, Max: 2.2, Diff: 1.4, Sum: 5.3]
      [Update RS (ms): Min: 0.0, Avg: 0.0, Max: 0.1, Diff: 0.1, Sum: 0.1]
         [Processed Buffers: Min: 0, Avg: 0.2, Max: 1, Diff: 1, Sum: 1]
      [Scan RS (ms): Min: 0.0, Avg: 0.0, Max: 0.0, Diff: 0.0, Sum: 0.0]
      [Code Root Scanning (ms): Min: 0.0, Avg: 0.7, Max: 2.3, Diff: 2.3, Sum: 2.8]
      [Object Copy (ms): Min: 3.4, Avg: 4.6, Max: 5.4, Diff: 2.0, Sum: 18.3]
      [Termination (ms): Min: 0.0, Avg: 0.0, Max: 0.0, Diff: 0.0, Sum: 0.0]
         [Termination Attempts: Min: 1, Avg: 2.5, Max: 4, Diff: 3, Sum: 10]
      [GC Worker Other (ms): Min: 0.0, Avg: 0.0, Max: 0.1, Diff: 0.0, Sum: 0.2]
      [GC Worker Total (ms): Min: 6.7, Avg: 6.7, Max: 6.7, Diff: 0.1, Sum: 26.7]
      [GC Worker End (ms): Min: 2742.3, Avg: 2742.3, Max: 2742.3, Diff: 0.0]
   [Code Root Fixup: 0.6 ms]
   [Code Root Purge: 0.0 ms]
   [Clear CT: 0.1 ms]
   [Other: 3.7 ms]
      [Choose CSet: 0.0 ms]
      [Ref Proc: 3.2 ms]
      [Ref Enq: 0.0 ms]
      [Redirty Cards: 0.1 ms]
      [Humongous Register: 0.1 ms]
      [Humongous Reclaim: 0.0 ms]
      [Free CSet: 0.2 ms]
   [Eden: 44.0M(44.0M)->0.0B(44.0M) Survivors: 7168.0K->7168.0K Heap: 179.5M(1024.0M)->136.6M(1024.0M)]
 [Times: user=0.03 sys=0.00, real=0.01 secs] 
2017-01-19T15:29:14.736-0100: 3.110: [GC pause (G1 Evacuation Pause) (young), 0.0276224 secs]
   [Parallel Time: 19.2 ms, GC Workers: 4]
      [GC Worker Start (ms): Min: 3109.6, Avg: 3110.1, Max: 3111.5, Diff: 1.8]
      [Ext Root Scanning (ms): Min: 0.0, Avg: 1.4, Max: 4.0, Diff: 4.0, Sum: 5.8]
      [Update RS (ms): Min: 0.0, Avg: 0.1, Max: 0.3, Diff: 0.3, Sum: 0.3]
         [Processed Buffers: Min: 0, Avg: 0.8, Max: 2, Diff: 2, Sum: 3]
      [Scan RS (ms): Min: 0.0, Avg: 0.0, Max: 0.0, Diff: 0.0, Sum: 0.0]
      [Code Root Scanning (ms): Min: 0.0, Avg: 1.3, Max: 3.1, Diff: 3.1, Sum: 5.1]
      [Object Copy (ms): Min: 4.8, Avg: 5.8, Max: 7.2, Diff: 2.4, Sum: 23.2]
      [Termination (ms): Min: 0.0, Avg: 7.1, Max: 10.1, Diff: 10.1, Sum: 28.4]
         [Termination Attempts: Min: 1, Avg: 2.2, Max: 4, Diff: 3, Sum: 9]
      [GC Worker Other (ms): Min: 0.0, Avg: 0.0, Max: 0.0, Diff: 0.0, Sum: 0.1]
      [GC Worker Total (ms): Min: 9.2, Avg: 15.7, Max: 19.2, Diff: 10.0, Sum: 62.9]
      [GC Worker End (ms): Min: 3118.8, Avg: 3125.8, Max: 3128.8, Diff: 10.0]
   [Code Root Fixup: 0.9 ms]
   [Code Root Purge: 0.0 ms]
   [Clear CT: 0.1 ms]
   [Other: 7.3 ms]
      [Choose CSet: 0.0 ms]
      [Ref Proc: 6.8 ms]
      [Ref Enq: 0.0 ms]
      [Redirty Cards: 0.1 ms]
      [Humongous Register: 0.0 ms]
      [Humongous Reclaim: 0.0 ms]
      [Free CSet: 0.3 ms]
   [Eden: 44.0M(44.0M)->0.0B(48.0M) Survivors: 7168.0K->3072.0K Heap: 180.6M(1024.0M)->135.3M(1024.0M)]
 [Times: user=0.06 sys=0.01, real=0.03 secs] 
2017-01-19T15:29:15.085-0100: 3.458: [GC pause (G1 Evacuation Pause) (young), 0.0036131 secs]
   [Parallel Time: 2.8 ms, GC Workers: 4]
      [GC Worker Start (ms): Min: 3458.5, Avg: 3458.5, Max: 3458.5, Diff: 0.0]
      [Ext Root Scanning (ms): Min: 0.3, Avg: 0.5, Max: 0.7, Diff: 0.3, Sum: 2.0]
      [Update RS (ms): Min: 0.0, Avg: 0.4, Max: 0.7, Diff: 0.7, Sum: 1.6]
         [Processed Buffers: Min: 0, Avg: 2.8, Max: 9, Diff: 9, Sum: 11]
      [Scan RS (ms): Min: 0.0, Avg: 0.2, Max: 0.5, Diff: 0.5, Sum: 0.9]
      [Code Root Scanning (ms): Min: 0.0, Avg: 0.2, Max: 0.5, Diff: 0.5, Sum: 0.8]
      [Object Copy (ms): Min: 0.7, Avg: 1.3, Max: 1.5, Diff: 0.8, Sum: 5.0]
      [Termination (ms): Min: 0.0, Avg: 0.2, Max: 0.3, Diff: 0.3, Sum: 0.6]
         [Termination Attempts: Min: 1, Avg: 1.0, Max: 1, Diff: 0, Sum: 4]
      [GC Worker Other (ms): Min: 0.0, Avg: 0.0, Max: 0.0, Diff: 0.0, Sum: 0.1]
      [GC Worker Total (ms): Min: 2.7, Avg: 2.7, Max: 2.8, Diff: 0.1, Sum: 11.0]
      [GC Worker End (ms): Min: 3461.2, Avg: 3461.2, Max: 3461.3, Diff: 0.0]
   [Code Root Fixup: 0.2 ms]
   [Code Root Purge: 0.0 ms]
   [Clear CT: 0.1 ms]
   [Other: 0.5 ms]
      [Choose CSet: 0.0 ms]
      [Ref Proc: 0.1 ms]
      [Ref Enq: 0.0 ms]
      [Redirty Cards: 0.1 ms]
      [Humongous Register: 0.0 ms]
      [Humongous Reclaim: 0.0 ms]
      [Free CSet: 0.1 ms]
   [Eden: 48.0M(48.0M)->0.0B(48.0M) Survivors: 3072.0K->3072.0K Heap: 183.3M(1024.0M)->135.2M(1024.0M)]
 [Times: user=0.01 sys=0.00, real=0.00 secs] 
2017-01-19T15:29:15.334-0100: 3.707: [GC pause (G1 Evacuation Pause) (young), 0.0033599 secs]
   [Parallel Time: 2.5 ms, GC Workers: 4]
      [GC Worker Start (ms): Min: 3707.0, Avg: 3707.0, Max: 3707.0, Diff: 0.0]
      [Ext Root Scanning (ms): Min: 0.4, Avg: 0.6, Max: 0.8, Diff: 0.4, Sum: 2.3]
      [Update RS (ms): Min: 0.0, Avg: 0.2, Max: 0.4, Diff: 0.4, Sum: 0.7]
         [Processed Buffers: Min: 0, Avg: 1.8, Max: 4, Diff: 4, Sum: 7]
      [Scan RS (ms): Min: 0.0, Avg: 0.0, Max: 0.0, Diff: 0.0, Sum: 0.0]
      [Code Root Scanning (ms): Min: 0.0, Avg: 0.2, Max: 0.5, Diff: 0.5, Sum: 0.9]
      [Object Copy (ms): Min: 1.1, Avg: 1.4, Max: 1.6, Diff: 0.5, Sum: 5.5]
      [Termination (ms): Min: 0.0, Avg: 0.1, Max: 0.1, Diff: 0.1, Sum: 0.3]
         [Termination Attempts: Min: 1, Avg: 1.0, Max: 1, Diff: 0, Sum: 4]
      [GC Worker Other (ms): Min: 0.0, Avg: 0.0, Max: 0.0, Diff: 0.0, Sum: 0.1]
      [GC Worker Total (ms): Min: 2.4, Avg: 2.4, Max: 2.5, Diff: 0.1, Sum: 9.8]
      [GC Worker End (ms): Min: 3709.5, Avg: 3709.5, Max: 3709.5, Diff: 0.0]
   [Code Root Fixup: 0.2 ms]
   [Code Root Purge: 0.0 ms]
   [Clear CT: 0.1 ms]
   [Other: 0.5 ms]
      [Choose CSet: 0.0 ms]
      [Ref Proc: 0.2 ms]
      [Ref Enq: 0.0 ms]
      [Redirty Cards: 0.0 ms]
      [Humongous Register: 0.0 ms]
      [Humongous Reclaim: 0.0 ms]
      [Free CSet: 0.0 ms]
   [Eden: 48.0M(48.0M)->0.0B(48.0M) Survivors: 3072.0K->3072.0K Heap: 183.2M(1024.0M)->134.9M(1024.0M)]
 [Times: user=0.01 sys=0.00, real=0.00 secs] 
2017-01-19T15:29:15.507-0100: 3.880: [GC pause (Metadata GC Threshold) (young) (initial-mark), 0.0057819 secs]
   [Parallel Time: 4.5 ms, GC Workers: 4]
      [GC Worker Start (ms): Min: 3880.5, Avg: 3880.8, Max: 3881.5, Diff: 1.0]
      [Ext Root Scanning (ms): Min: 0.0, Avg: 1.1, Max: 2.3, Diff: 2.3, Sum: 4.3]
      [Update RS (ms): Min: 0.0, Avg: 0.2, Max: 0.3, Diff: 0.3, Sum: 0.8]
         [Processed Buffers: Min: 0, Avg: 2.5, Max: 8, Diff: 8, Sum: 10]
      [Scan RS (ms): Min: 0.0, Avg: 0.0, Max: 0.0, Diff: 0.0, Sum: 0.0]
      [Code Root Scanning (ms): Min: 0.0, Avg: 0.2, Max: 0.9, Diff: 0.9, Sum: 0.9]
      [Object Copy (ms): Min: 2.1, Avg: 2.6, Max: 3.1, Diff: 1.1, Sum: 10.5]
      [Termination (ms): Min: 0.0, Avg: 0.0, Max: 0.0, Diff: 0.0, Sum: 0.0]
         [Termination Attempts: Min: 1, Avg: 1.0, Max: 1, Diff: 0, Sum: 4]
      [GC Worker Other (ms): Min: 0.0, Avg: 0.0, Max: 0.0, Diff: 0.0, Sum: 0.1]
      [GC Worker Total (ms): Min: 3.4, Avg: 4.2, Max: 4.4, Diff: 1.0, Sum: 16.6]
      [GC Worker End (ms): Min: 3884.9, Avg: 3884.9, Max: 3884.9, Diff: 0.0]
   [Code Root Fixup: 0.3 ms]
   [Code Root Purge: 0.0 ms]
   [Clear CT: 0.1 ms]
   [Other: 0.9 ms]
      [Choose CSet: 0.0 ms]
      [Ref Proc: 0.5 ms]
      [Ref Enq: 0.0 ms]
      [Redirty Cards: 0.1 ms]
      [Humongous Register: 0.0 ms]
      [Humongous Reclaim: 0.0 ms]
      [Free CSet: 0.0 ms]
   [Eden: 13.0M(48.0M)->0.0B(47.0M) Survivors: 3072.0K->4096.0K Heap: 147.5M(1024.0M)->135.8M(1024.0M)]
 [Times: user=0.01 sys=0.01, real=0.01 secs] 
2017-01-19T15:29:15.513-0100: 3.886: [GC concurrent-root-region-scan-start]
2017-01-19T15:29:15.517-0100: 3.890: [GC concurrent-root-region-scan-end, 0.0033632 secs]
2017-01-19T15:29:15.517-0100: 3.890: [GC concurrent-mark-start]
2017-01-19T15:29:15.529-0100: 3.902: [GC concurrent-mark-end, 0.0119614 secs]
2017-01-19T15:29:15.529-0100: 3.902: [GC remark 2017-01-19T15:29:15.529-0100: 3.902: [Finalize Marking, 0.0001593 secs] 2017-01-19T15:29:15.529-0100: 3.902: [GC ref-proc, 0.0001175 secs] 2017-01-19T15:29:15.529-0100: 3.902: [Unloading, 0.0040447 secs], 0.0066806 secs]
 [Times: user=0.02 sys=0.00, real=0.01 secs] 
2017-01-19T15:29:15.536-0100: 3.909: [GC cleanup 136M->135M(1024M), 0.0010078 secs]
 [Times: user=0.00 sys=0.00, real=0.00 secs] 
2017-01-19T15:29:15.537-0100: 3.910: [GC concurrent-cleanup-start]
2017-01-19T15:29:15.537-0100: 3.910: [GC concurrent-cleanup-end, 0.0000713 secs]
2017-01-19T15:29:15.965-0100: 4.338: [GC pause (G1 Evacuation Pause) (young), 0.0071482 secs]
   [Parallel Time: 5.6 ms, GC Workers: 4]
      [GC Worker Start (ms): Min: 4338.4, Avg: 4338.8, Max: 4340.1, Diff: 1.7]
      [Ext Root Scanning (ms): Min: 0.0, Avg: 0.9, Max: 1.2, Diff: 1.2, Sum: 3.5]
      [Update RS (ms): Min: 0.0, Avg: 0.2, Max: 0.4, Diff: 0.4, Sum: 1.0]
         [Processed Buffers: Min: 0, Avg: 3.2, Max: 9, Diff: 9, Sum: 13]
      [Scan RS (ms): Min: 0.0, Avg: 0.0, Max: 0.0, Diff: 0.0, Sum: 0.0]
      [Code Root Scanning (ms): Min: 0.0, Avg: 1.0, Max: 3.7, Diff: 3.7, Sum: 4.0]
      [Object Copy (ms): Min: 0.2, Avg: 2.3, Max: 3.1, Diff: 2.8, Sum: 9.3]
      [Termination (ms): Min: 0.0, Avg: 0.6, Max: 0.8, Diff: 0.8, Sum: 2.3]
         [Termination Attempts: Min: 1, Avg: 1.0, Max: 1, Diff: 0, Sum: 4]
      [GC Worker Other (ms): Min: 0.0, Avg: 0.0, Max: 0.0, Diff: 0.0, Sum: 0.0]
      [GC Worker Total (ms): Min: 3.8, Avg: 5.0, Max: 5.5, Diff: 1.8, Sum: 20.1]
      [GC Worker End (ms): Min: 4343.8, Avg: 4343.8, Max: 4343.9, Diff: 0.1]
   [Code Root Fixup: 0.3 ms]
   [Code Root Purge: 0.1 ms]
   [Clear CT: 0.1 ms]
   [Other: 1.1 ms]
      [Choose CSet: 0.0 ms]
      [Ref Proc: 0.7 ms]
      [Ref Enq: 0.0 ms]
      [Redirty Cards: 0.1 ms]
      [Humongous Register: 0.0 ms]
      [Humongous Reclaim: 0.0 ms]
      [Free CSet: 0.1 ms]
   [Eden: 47.0M(47.0M)->0.0B(46.0M) Survivors: 4096.0K->5120.0K Heap: 181.8M(1024.0M)->135.9M(1024.0M)]
 [Times: user=0.02 sys=0.00, real=0.01 secs] 
2017-01-19T15:29:16.186-0100: 4.560: [GC pause (G1 Evacuation Pause) (young), 0.0042953 secs]
   [Parallel Time: 3.4 ms, GC Workers: 4]
      [GC Worker Start (ms): Min: 4559.6, Avg: 4559.7, Max: 4559.7, Diff: 0.0]
      [Ext Root Scanning (ms): Min: 0.5, Avg: 0.6, Max: 0.9, Diff: 0.4, Sum: 2.6]
      [Update RS (ms): Min: 0.0, Avg: 0.2, Max: 0.4, Diff: 0.4, Sum: 1.0]
         [Processed Buffers: Min: 0, Avg: 2.0, Max: 6, Diff: 6, Sum: 8]
      [Scan RS (ms): Min: 0.0, Avg: 0.0, Max: 0.0, Diff: 0.0, Sum: 0.0]
      [Code Root Scanning (ms): Min: 0.0, Avg: 0.3, Max: 0.7, Diff: 0.7, Sum: 1.1]
      [Object Copy (ms): Min: 1.8, Avg: 2.2, Max: 2.4, Diff: 0.6, Sum: 8.6]
      [Termination (ms): Min: 0.0, Avg: 0.0, Max: 0.0, Diff: 0.0, Sum: 0.0]
         [Termination Attempts: Min: 1, Avg: 1.0, Max: 1, Diff: 0, Sum: 4]
      [GC Worker Other (ms): Min: 0.0, Avg: 0.0, Max: 0.0, Diff: 0.0, Sum: 0.1]
      [GC Worker Total (ms): Min: 3.3, Avg: 3.4, Max: 3.4, Diff: 0.1, Sum: 13.4]
      [GC Worker End (ms): Min: 4563.0, Avg: 4563.0, Max: 4563.0, Diff: 0.0]
   [Code Root Fixup: 0.3 ms]
   [Code Root Purge: 0.0 ms]
   [Clear CT: 0.1 ms]
   [Other: 0.5 ms]
      [Choose CSet: 0.0 ms]
      [Ref Proc: 0.2 ms]
      [Ref Enq: 0.0 ms]
      [Redirty Cards: 0.1 ms]
      [Humongous Register: 0.0 ms]
      [Humongous Reclaim: 0.0 ms]
      [Free CSet: 0.1 ms]
   [Eden: 46.0M(46.0M)->0.0B(58.0M) Survivors: 5120.0K->4096.0K Heap: 181.9M(1024.0M)->135.5M(1024.0M)]
 [Times: user=0.01 sys=0.00, real=0.01 secs] 
2017-01-19T15:29:16.704-0100: 5.077: [GC pause (G1 Humongous Allocation) (young) (initial-mark), 0.0078125 secs]
   [Parallel Time: 6.5 ms, GC Workers: 4]
      [GC Worker Start (ms): Min: 5077.3, Avg: 5078.1, Max: 5079.1, Diff: 1.8]
      [Ext Root Scanning (ms): Min: 0.0, Avg: 1.0, Max: 1.7, Diff: 1.7, Sum: 4.1]
      [Update RS (ms): Min: 0.0, Avg: 0.2, Max: 0.4, Diff: 0.4, Sum: 1.0]
         [Processed Buffers: Min: 0, Avg: 3.0, Max: 9, Diff: 9, Sum: 12]
      [Scan RS (ms): Min: 0.0, Avg: 0.0, Max: 0.0, Diff: 0.0, Sum: 0.0]
      [Code Root Scanning (ms): Min: 0.0, Avg: 1.2, Max: 4.2, Diff: 4.2, Sum: 4.7]
      [Object Copy (ms): Min: 0.1, Avg: 2.3, Max: 3.2, Diff: 3.0, Sum: 9.0]
      [Termination (ms): Min: 0.0, Avg: 0.8, Max: 1.1, Diff: 1.1, Sum: 3.1]
         [Termination Attempts: Min: 1, Avg: 1.0, Max: 1, Diff: 0, Sum: 4]
      [GC Worker Other (ms): Min: 0.0, Avg: 0.0, Max: 0.0, Diff: 0.0, Sum: 0.1]
      [GC Worker Total (ms): Min: 4.6, Avg: 5.5, Max: 6.3, Diff: 1.6, Sum: 21.9]
      [GC Worker End (ms): Min: 5083.5, Avg: 5083.6, Max: 5083.7, Diff: 0.2]
   [Code Root Fixup: 0.4 ms]
   [Code Root Purge: 0.0 ms]
   [Clear CT: 0.1 ms]
   [Other: 0.9 ms]
      [Choose CSet: 0.0 ms]
      [Ref Proc: 0.3 ms]
      [Ref Enq: 0.0 ms]
      [Redirty Cards: 0.1 ms]
      [Humongous Register: 0.0 ms]
      [Humongous Reclaim: 0.2 ms]
      [Free CSet: 0.1 ms]
   [Eden: 36.0M(58.0M)->0.0B(77.0M) Survivors: 4096.0K->5120.0K Heap: 356.0M(1024.0M)->136.2M(1024.0M)]
 [Times: user=0.01 sys=0.00, real=0.01 secs] 
2017-01-19T15:29:16.712-0100: 5.085: [GC concurrent-root-region-scan-start]
2017-01-19T15:29:16.718-0100: 5.091: [GC concurrent-root-region-scan-end, 0.0061020 secs]
2017-01-19T15:29:16.718-0100: 5.091: [GC concurrent-mark-start]
2017-01-19T15:29:16.731-0100: 5.104: [GC concurrent-mark-end, 0.0130812 secs]
2017-01-19T15:29:16.732-0100: 5.105: [GC remark 2017-01-19T15:29:16.732-0100: 5.105: [Finalize Marking, 0.0001504 secs] 2017-01-19T15:29:16.732-0100: 5.105: [GC ref-proc, 0.0000780 secs] 2017-01-19T15:29:16.732-0100: 5.105: [Unloading, 0.0049598 secs], 0.0066289 secs]
 [Times: user=0.01 sys=0.00, real=0.00 secs] 
2017-01-19T15:29:16.739-0100: 5.112: [GC cleanup 167M->167M(1024M), 0.0007475 secs]
 [Times: user=0.00 sys=0.00, real=0.01 secs] 
Heap
 garbage-first heap   total 1048576K, used 226496K [0x0000000780000000, 0x0000000780102000, 0x00000007c0000000)
  region size 1024K, 26 young (26624K), 5 survivors (5120K)
 Metaspace       used 23988K, capacity 24170K, committed 24576K, reserved 1071104K
  class space    used 3429K, capacity 3489K, committed 3584K, reserved 1048576K
